// Jest Snapshot v1, https://goo.gl/fbAQLP

exports[`<Player/> Player rendered with the bunny video 1`] = `
<div
  class="player__Container-sc-1c49yiu-0"
>
  <button
    class="player__Button-sc-1c49yiu-1 cyjoXP"
  >
    Play
  </button>
</div>
`;
